Component: ARM Compiler 5.06 update 3 (build 300) Tool: armlink [4d35c9]

==============================================================================

Section Cross References

    main.o(.text) refers to led.o(.text) for LED_Init
    main.o(.text) refers to usb_plugin.o(.text) for PlugIn_Init
    main.o(.text) refers to key.o(.text) for KEY_Init
    main.o(.text) refers to delay.o(.text) for delay_init
    main.o(.text) refers to usart.o(.text) for uart1_init
    main.o(.text) refers to usart2.o(.text) for DMA1_USART2_Init
    main.o(.text) refers to adc.o(.text) for Adc_Init
    main.o(.text) refers to encoder.o(.text) for Encoder_Init_TIM2
    main.o(.text) refers to oled.o(.text) for OLED_Init
    main.o(.text) refers to mpu6050.o(.text) for MPU_Init
    main.o(.text) refers to inv_mpu.o(.text) for mpu_dmp_init
    main.o(.text) refers to pwm.o(.text) for TIM1_PWM_Init
    main.o(.text) refers to motor.o(.text) for Motor_Init
    main.o(.text) refers to exti.o(.text) for MPU6050_EXTI_Init
    main.o(.text) refers to sys.o(.text) for NVIC_Configuration
    main.o(.text) refers to sr04.o(.text) for Timer4_Init
    main.o(.text) refers to main.o(.data) for buf_size
    system_stm32f10x.o(.text) refers to system_stm32f10x.o(.data) for SystemCoreClock
    delay.o(.text) refers to misc.o(.text) for SysTick_CLKSourceConfig
    delay.o(.text) refers to system_stm32f10x.o(.data) for SystemCoreClock
    delay.o(.text) refers to delay.o(.data) for fac_us
    sys.o(.text) refers to misc.o(.text) for NVIC_PriorityGroupConfig
    usart.o(.text) refers to stm32f10x_rcc.o(.text) for RCC_AHBPeriphClockCmd
    usart.o(.text) refers to stm32f10x_dma.o(.text) for DMA_DeInit
    usart.o(.text) refers to misc.o(.text) for NVIC_Init
    usart.o(.text) refers to stm32f10x_usart.o(.text) for USART_DMACmd
    usart.o(.text) refers to strlen.o(.text) for strlen
    usart.o(.text) refers to malloc.o(i.malloc) for malloc
    usart.o(.text) refers to cfcmple.o(.text) for __aeabi_cfcmple
    usart.o(.text) refers to fmul.o(.text) for __aeabi_fmul
    usart.o(.text) refers to dflti.o(.text) for __aeabi_i2d
    usart.o(.text) refers to pow.o(i.pow) for pow
    usart.o(.text) refers to f2d.o(.text) for __aeabi_f2d
    usart.o(.text) refers to ddiv.o(.text) for __aeabi_ddiv
    usart.o(.text) refers to dfixui.o(.text) for __aeabi_d2uiz
    usart.o(.text) refers to dfltui.o(.text) for __aeabi_ui2d
    usart.o(.text) refers to dmul.o(.text) for __aeabi_dmul
    usart.o(.text) refers to dadd.o(.text) for __aeabi_dsub
    usart.o(.text) refers to d2f.o(.text) for __aeabi_d2f
    usart.o(.text) refers to malloc.o(i.free) for free
    usart.o(.text) refers to floor.o(i.floor) for floor
    usart.o(.text) refers to dfixi.o(.text) for __aeabi_d2iz
    usart.o(.text) refers to usart.o(.bss) for usart1_rxbuf
    usart.o(.text) refers to usart.o(.data) for USART1_TX_FLAG
    usart.o(.text) refers to stm32f10x_gpio.o(.text) for GPIO_Init
    usart.o(.text) refers to fflti.o(.text) for __aeabi_i2f
    led.o(.text) refers to stm32f10x_rcc.o(.text) for RCC_APB2PeriphClockCmd
    led.o(.text) refers to stm32f10x_gpio.o(.text) for GPIO_Init
    led.o(.text) refers to led.o(.data) for temp
    key.o(.text) refers to stm32f10x_rcc.o(.text) for RCC_APB2PeriphClockCmd
    key.o(.text) refers to stm32f10x_gpio.o(.text) for GPIO_Init
    key.o(.text) refers to key.o(.data) for flag_key
    exti.o(.text) refers to stm32f10x_rcc.o(.text) for RCC_APB2PeriphClockCmd
    exti.o(.text) refers to stm32f10x_gpio.o(.text) for GPIO_Init
    exti.o(.text) refers to stm32f10x_exti.o(.text) for EXTI_Init
    control.o(.text) refers to usart.o(.text) for tr_head
    control.o(.text) refers to ffixui.o(.text) for __aeabi_f2uiz
    control.o(.text) refers to f2d.o(.text) for __aeabi_f2d
    control.o(.text) refers to printfa.o(i.__0printf) for __2printf
    control.o(.text) refers to cfrcmple.o(.text) for __aeabi_cfrcmple
    control.o(.text) refers to fadd.o(.text) for __aeabi_fsub
    control.o(.text) refers to fmul.o(.text) for __aeabi_fmul
    control.o(.text) refers to fflti.o(.text) for __aeabi_i2f
    control.o(.text) refers to fdiv.o(.text) for __aeabi_fdiv
    control.o(.text) refers to dmul.o(.text) for __aeabi_dmul
    control.o(.text) refers to dadd.o(.text) for __aeabi_dsub
    control.o(.text) refers to d2f.o(.text) for __aeabi_d2f
    control.o(.text) refers to ffixi.o(.text) for __aeabi_f2iz
    control.o(.text) refers to usart.o(.data) for USART3_RX_STA
    control.o(.text) refers to usart.o(.bss) for USART3_RX_BUF
    control.o(.text) refers to control.o(.data) for target_x
    control.o(.text) refers to main.o(.data) for Mode
    control.o(.text) refers to control.o(.bss) for X_hat
    control.o(.text) refers to main.o(.bss) for now
    control.o(.text) refers to control.o(.constdata) for L
    control.o(.text) refers to motion.o(.text) for state_update
    control.o(.text) refers to adc.o(.text) for Get_battery_volt
[...]
    _printf_e                                0x00000000   Number         0  stubs.o ABSOLUTE
    _printf_f                                0x00000000   Number         0  stubs.o ABSOLUTE
    _printf_flags                            0x00000000   Number         0  stubs.o ABSOLUTE
    _printf_fp_dec                           0x00000000   Number         0  stubs.o ABSOLUTE
    _printf_fp_hex                           0x00000000   Number         0  stubs.o ABSOLUTE
    _printf_g                                0x00000000   Number         0  stubs.o ABSOLUTE
    _printf_i                                0x00000000   Number         0  stubs.o ABSOLUTE
    _printf_int_dec                          0x00000000   Number         0  stubs.o ABSOLUTE
    _printf_l                                0x00000000   Number         0  stubs.o ABSOLUTE
    _printf_lc                               0x00000000   Number         0  stubs.o ABSOLUTE
    _printf_ll                               0x00000000   Number         0  stubs.o ABSOLUTE
    _printf_lld                              0x00000000   Number         0  stubs.o ABSOLUTE
    _printf_lli                              0x00000000   Number         0  stubs.o ABSOLUTE
    _printf_llo                              0x00000000   Number         0  stubs.o ABSOLUTE
    _printf_llu                              0x00000000   Number         0  stubs.o ABSOLUTE
    _printf_llx                              0x00000000   Number         0  stubs.o ABSOLUTE
    _printf_longlong_dec                     0x00000000   Number         0  stubs.o ABSOLUTE
    _printf_longlong_hex                     0x00000000   Number         0  stubs.o ABSOLUTE
    _printf_longlong_oct                     0x00000000   Number         0  stubs.o ABSOLUTE
    _printf_ls                               0x00000000   Number         0  stubs.o ABSOLUTE
    _printf_mbtowc                           0x00000000   Number         0  stubs.o ABSOLUTE
    _printf_n                                0x00000000   Number         0  stubs.o ABSOLUTE
    _printf_o                                0x00000000   Number         0  stubs.o ABSOLUTE
    _printf_p                                0x00000000   Number         0  stubs.o ABSOLUTE
    _printf_percent                          0x00000000   Number         0  stubs.o ABSOLUTE
    _printf_pre_padding                      0x00000000   Number         0  stubs.o ABSOLUTE
    _printf_return_value                     0x00000000   Number         0  stubs.o ABSOLUTE
    _printf_s                                0x00000000   Number         0  stubs.o ABSOLUTE
    _printf_sizespec                         0x00000000   Number         0  stubs.o ABSOLUTE
    _printf_str                              0x00000000   Number         0  stubs.o ABSOLUTE
    _printf_truncate_signed                  0x00000000   Number         0  stubs.o ABSOLUTE
    _printf_truncate_unsigned                0x00000000   Number         0  stubs.o ABSOLUTE
    _printf_u                                0x00000000   Number         0  stubs.o ABSOLUTE
    _printf_wc                               0x00000000   Number         0  stubs.o ABSOLUTE
    _printf_wctomb                           0x00000000   Number         0  stubs.o ABSOLUTE
    _printf_widthprec                        0x00000000   Number         0  stubs.o ABSOLUTE
    _printf_x                                0x00000000   Number         0  stubs.o ABSOLUTE
    __cpp_initialize__aeabi_                  - Undefined Weak Reference
    __cxa_finalize                            - Undefined Weak Reference
    _clock_init                               - Undefined Weak Reference
    _microlib_exit                            - Undefined Weak Reference
    __Vectors_Size                           0x000000ec   Number         0  startup_stm32f10x_md.o ABSOLUTE
    __Vectors                                0x08000000   Data           4  startup_stm32f10x_md.o(RESET)
    __Vectors_End                            0x080000ec   Data           0  startup_stm32f10x_md.o(RESET)
    __main                                   0x080000ed   Thumb Code     0  entry.o(.ARM.Collect$$$$00000000)
    _main_stk                                0x080000ed   Thumb Code     0  entry2.o(.ARM.Collect$$$$00000001)
    _main_scatterload                        0x080000f1   Thumb Code     0  entry5.o(.ARM.Collect$$$$00000004)
    __main_after_scatterload                 0x080000f5   Thumb Code     0  entry5.o(.ARM.Collect$$$$00000004)
    _main_clock                              0x080000f5   Thumb Code     0  entry7b.o(.ARM.Collect$$$$00000008)
    _main_cpp_init                           0x080000f5   Thumb Code     0  entry8b.o(.ARM.Collect$$$$0000000A)
    _main_init                               0x080000f5   Thumb Code     0  entry9a.o(.ARM.Collect$$$$0000000B)
    __rt_final_cpp                           0x080000fd   Thumb Code     0  entry10a.o(.ARM.Collect$$$$0000000D)
    __rt_final_exit                          0x080000fd   Thumb Code     0  entry11a.o(.ARM.Collect$$$$0000000F)
    main                                     0x08000101   Thumb Code   208  main.o(.text)
    NMI_Handler                              0x08000201   Thumb Code     2  stm32f10x_it.o(.text)
    HardFault_Handler                        0x08000203   Thumb Code     4  stm32f10x_it.o(.text)
    MemManage_Handler                        0x08000207   Thumb Code     4  stm32f10x_it.o(.text)
    BusFault_Handler                         0x0800020b   Thumb Code     4  stm32f10x_it.o(.text)
    UsageFault_Handler                       0x0800020f   Thumb Code     4  stm32f10x_it.o(.text)
    SVC_Handler                              0x08000213   Thumb Code     2  stm32f10x_it.o(.text)
    DebugMon_Handler                         0x08000215   Thumb Code     2  stm32f10x_it.o(.text)
    PendSV_Handler                           0x08000217   Thumb Code     2  stm32f10x_it.o(.text)
    SysTick_Handler                          0x08000219   Thumb Code     2  stm32f10x_it.o(.text)
    SystemInit                               0x080002fb   Thumb Code    78  system_stm32f10x.o(.text)
    SystemCoreClockUpdate                    0x08000349   Thumb Code   142  system_stm32f10x.o(.text)
    delay_init                               0x080003fd   Thumb Code    50  delay.o(.text)
    delay_us                                 0x0800042f   Thumb Code    72  delay.o(.text)
    delay_ms                                 0x08000477   Thumb Code    72  delay.o(.text)
    NVIC_Configuration                       0x080004d1   Thumb Code   152  sys.o(.text)
    _sys_exit                                0x08000569   Thumb Code     6  usart.o(.text)
    fputc                                    0x0800056f   Thumb Code    24  usart.o(.text)
    DMA1_USART1_Init                         0x08000587   Thumb Code   252  usart.o(.text)
    DMA_USART1_Tx_Data                       0x08000683   Thumb Code    48  usart.o(.text)
    printf_s                                 0x080006b3   Thumb Code    22  usart.o(.text)
    printf_f                                 0x080006c9   Thumb Code   434  usart.o(.text)
    f_to_u                                   0x0800087b   Thumb Code    74  usart.o(.text)
    swrite                                   0x080008c5   Thumb Code   104  usart.o(.text)
    printf1                                  0x0800092d   Thumb Code    18  usart.o(.text)
    DMA1_Channel4_IRQHandler                 0x0800093f   Thumb Code    74  usart.o(.text)
    USART1_IRQHandler                        0x08000989   Thumb Code   150  usart.o(.text)
    uart1_init                               0x08000a1f   Thumb Code   124  usart.o(.text)
    uart3_init                               0x08000a9b   Thumb Code   130  usart.o(.text)
    Uart3SendByte                            0x08000b1d   Thumb Code    28  usart.o(.text)
    Uart3SendBuf                             0x08000b39   Thumb Code    28  usart.o(.text)
    Uart3SendStr                             0x08000b55   Thumb Code    34  usart.o(.text)
    USART3_IRQHandler                        0x08000b77   Thumb Code   122  usart.o(.text)
    tr                                       0x08000bf1   Thumb Code     8  usart.o(.text)
    tr_s                                     0x08000bf9   Thumb Code   160  usart.o(.text)
    tr_head                                  0x08000c99   Thumb Code   126  usart.o(.text)
    LED_Init                                 0x08000d49   Thumb Code    40  led.o(.text)
    Led_Flash                                0x08000d71   Thumb Code    44  led.o(.text)
    KEY_Init                                 0x08000dad   Thumb Code    34  key.o(.text)
    KEY_Scan                                 0x08000dcf   Thumb Code    32  key.o(.text)
    MPU6050_EXTI_Init                        0x08000dfd   Thumb Code    76  exti.o(.text)
    data_receive3                            0x08000e4d   Thumb Code   210  control.o(.text)
    data_receive                             0x08000f1f   Thumb Code   304  control.o(.text)
    float_limit                              0x0800104f   Thumb Code    40  control.o(.text)
    Observer                                 0x08001077   Thumb Code   586  control.o(.text)
    EXTI9_5_IRQHandler                       0x080012c1   Thumb Code    86  control.o(.text)
    LQR                                      0x08001317   Thumb Code   228  control.o(.text)
    int_limit                                0x080013fb   Thumb Code    68  control.o(.text)
    anya_balance                             0x0800143f   Thumb Code    70  control.o(.text)
    anya_omiga                               0x08001485   Thumb Code    78  control.o(.text)
    data_receive2                            0x080014d3   Thumb Code  1054  control.o(.text)
    sendmsg                                  0x080018f1   Thumb Code   390  control.o(.text)
    state_info                               0x08001a77   Thumb Code   130  control.o(.text)
    Encoder_Init_TIM2                        0x08001bd9   Thumb Code   154  encoder.o(.text)
    Encoder_Init_TIM3                        0x08001c73   Thumb Code   148  encoder.o(.text)
    Read_Encoder                             0x08001d07   Thumb Code    56  encoder.o(.text)
    Motor_Init                               0x08001d49   Thumb Code    64  motor.o(.text)
    myabs                                    0x08001d89   Thumb Code    14  motor.o(.text)
    Set_Pwm                                  0x08001d97   Thumb Code   106  motor.o(.text)
    Xianfu_Pwm                               0x08001e01   Thumb Code    70  motor.o(.text)
    Turn_Off                                 0x08001e47   Thumb Code    68  motor.o(.text)
    TIM1_PWM_Init                            0x08001eb5   Thumb Code   168  pwm.o(.text)
    Adc_Init                                 0x08001f65   Thumb Code   132  adc.o(.text)
    Get_Adc                                  0x08001fe9   Thumb Code    46  adc.o(.text)
    Get_battery_volt                         0x08002017   Thumb Code    62  adc.o(.text)
    OLED_IIC_Start                           0x08002069   Thumb Code    44  oled.o(.text)
    OLED_IIC_Stop                            0x08002095   Thumb Code    34  oled.o(.text)
    OLED_IIC_Wait_Ack                        0x080020b7   Thumb Code    24  oled.o(.text)
    OLED_Write_IIC_Byte                      0x080020cf   Thumb Code    88  oled.o(.text)
    OLED_Write_IIC_Command                   0x08002127   Thumb Code    44  oled.o(.text)
    OLED_Write_IIC_Data                      0x08002153   Thumb Code    44  oled.o(.text)
    OLED_WR_Byte                             0x0800217f   Thumb Code    24  oled.o(.text)
    Delay_50ms                               0x08002197   Thumb Code    22  oled.o(.text)
    Delay_1ms                                0x080021ad   Thumb Code    26  oled.o(.text)
    OLED_Set_Pos                             0x080021c7   Thumb Code    40  oled.o(.text)
    OLED_Display_On                          0x080021ef   Thumb Code    28  oled.o(.text)
    OLED_Display_Off                         0x0800220b   Thumb Code    28  oled.o(.text)
    OLED_Clear                               0x08002227   Thumb Code    62  oled.o(.text)
    OLED_On                                  0x08002265   Thumb Code    62  oled.o(.text)
    OLED_ShowChar                            0x080022a3   Thumb Code   154  oled.o(.text)
    oled_pow                                 0x0800233d   Thumb Code    22  oled.o(.text)
    OLED_ShowNumber                          0x08002353   Thumb Code   136  oled.o(.text)
    OLED_ShowString                          0x080023db   Thumb Code    54  oled.o(.text)
    OLED_Float                               0x08002411   Thumb Code   456  oled.o(.text)
    OLED_Float2                              0x080025d9   Thumb Code   356  oled.o(.text)
    OLED_Num_write                           0x0800273d   Thumb Code    62  oled.o(.text)
    OLED_fuhao_write                         0x0800277b   Thumb Code    58  oled.o(.text)
    OLED_Num2                                0x080027b5   Thumb Code   156  oled.o(.text)
    OLED_Num3                                0x08002851   Thumb Code   210  oled.o(.text)
    OLED_Num4                                0x08002923   Thumb Code   158  oled.o(.text)
    OLED_Num5                                0x080029c1   Thumb Code   152  oled.o(.text)
    OLED_Init                                0x08002a59   Thumb Code   282  oled.o(.text)
    oled_first_show                          0x08002b73   Thumb Code    40  oled.o(.text)
    oled_show                                0x08002b9b   Thumb Code   508  oled.o(.text)
    MPU_Write_Byte                           0x08002e39   Thumb Code    68  mpu6050.o(.text)
    MPU_Set_LPF                              0x08002e7d   Thumb Code    58  mpu6050.o(.text)
    MPU_Set_Rate                             0x08002eb7   Thumb Code    58  mpu6050.o(.text)
    MPU_Read_Byte                            0x08002ef1   Thumb Code    58  mpu6050.o(.text)
    MPU_Set_Accel_Fsr                        0x08002f2b   Thumb Code    16  mpu6050.o(.text)
    MPU_Set_Gyro_Fsr                         0x08002f3b   Thumb Code    16  mpu6050.o(.text)
    MPU_Init                                 0x08002f4b   Thumb Code   124  mpu6050.o(.text)
    MPU_Read_Len                             0x08002fc7   Thumb Code   116  mpu6050.o(.text)
    MPU_Get_Temperature                      0x0800303b   Thumb Code    86  mpu6050.o(.text)
    MPU_Get_Gyroscope                        0x08003091   Thumb Code    80  mpu6050.o(.text)
    MPU_Get_Accelerometer                    0x080030e1   Thumb Code    80  mpu6050.o(.text)
    MPU_Write_Len                            0x08003131   Thumb Code    96  mpu6050.o(.text)
    MPU_IIC_Delay                            0x080031a1   Thumb Code    10  mpuiic.o(.text)
    MPU_IIC_Init                             0x080031ab   Thumb Code    38  mpuiic.o(.text)
    MPU_IIC_Start                            0x080031d1   Thumb Code    60  mpuiic.o(.text)
    MPU_IIC_Stop                             0x0800320d   Thumb Code    62  mpuiic.o(.text)
    MPU_IIC_Wait_Ack                         0x0800324b   Thumb Code    86  mpuiic.o(.text)
    MPU_IIC_Ack                              0x080032a1   Thumb Code    66  mpuiic.o(.text)
    MPU_IIC_NAck                             0x080032e3   Thumb Code    66  mpuiic.o(.text)
    MPU_IIC_Send_Byte                        0x08003325   Thumb Code    82  mpuiic.o(.text)
    MPU_IIC_Read_Byte                        0x08003377   Thumb Code    96  mpuiic.o(.text)
    mpu_reg_dump                             0x0800346f   Thumb Code    84  inv_mpu.o(.text)
    mpu_read_reg                             0x080034c3   Thumb Code    66  inv_mpu.o(.text)
    mpu_set_int_latched                      0x08003505   Thumb Code   102  inv_mpu.o(.text)
    mpu_set_sensors                          0x0800356b   Thumb Code   202  inv_mpu.o(.text)
    mpu_set_bypass                           0x08003635   Thumb Code   328  inv_mpu.o(.text)
    mpu_reset_fifo                           0x0800377d   Thumb Code   472  inv_mpu.o(.text)
    mpu_configure_fifo                       0x08003955   Thumb Code   106  inv_mpu.o(.text)
    mpu_set_lpf                              0x080039bf   Thumb Code   126  inv_mpu.o(.text)
    mpu_lp_accel_mode                        0x08003a3d   Thumb Code   218  inv_mpu.o(.text)
    mpu_set_sample_rate                      0x08003b17   Thumb Code   152  inv_mpu.o(.text)
    mpu_set_accel_fsr                        0x08003baf   Thumb Code   132  inv_mpu.o(.text)
    mpu_set_gyro_fsr                         0x08003c33   Thumb Code   132  inv_mpu.o(.text)
    mpu_init                                 0x08003cb7   Thumb Code   416  inv_mpu.o(.text)
    mget_ms                                  0x08003e57   Thumb Code     2  inv_mpu.o(.text)
    mpu_get_gyro_reg                         0x08003e59   Thumb Code   110  inv_mpu.o(.text)
    mpu_get_accel_reg                        0x08003ec7   Thumb Code   110  inv_mpu.o(.text)
    mpu_get_temperature                      0x08003f35   Thumb Code   150  inv_mpu.o(.text)
    mpu_set_accel_bias                       0x08003fcb   Thumb Code   468  inv_mpu.o(.text)
    mpu_get_gyro_fsr                         0x0800419f   Thumb Code    64  inv_mpu.o(.text)
    mpu_get_accel_fsr                        0x080041df   Thumb Code    72  inv_mpu.o(.text)
    mpu_get_lpf                              0x08004227   Thumb Code    74  inv_mpu.o(.text)
    mpu_get_sample_rate                      0x08004271   Thumb Code    26  inv_mpu.o(.text)
    mpu_get_compass_sample_rate              0x0800428b   Thumb Code    10  inv_mpu.o(.text)
    mpu_set_compass_sample_rate              0x08004295   Thumb Code     8  inv_mpu.o(.text)
    mpu_get_gyro_sens                        0x0800429d   Thumb Code    58  inv_mpu.o(.text)
    mpu_get_accel_sens                       0x080042d7   Thumb Code    78  inv_mpu.o(.text)
    mpu_get_fifo_config                      0x08004325   Thumb Code    12  inv_mpu.o(.text)
    mpu_get_power_state                      0x08004331   Thumb Code    22  inv_mpu.o(.text)
    mpu_get_int_status                       0x08004347   Thumb Code    64  inv_mpu.o(.text)
    mpu_read_fifo                            0x08004387   Thumb Code   520  inv_mpu.o(.text)
    mpu_read_fifo_stream                     0x0800458f   Thumb Code   186  inv_mpu.o(.text)
    mpu_set_int_level                        0x08004649   Thumb Code    12  inv_mpu.o(.text)
    mpu_set_dmp_state                        0x08004d29   Thumb Code   138  inv_mpu.o(.text)
    mpu_run_self_test                        0x08004db3   Thumb Code   278  inv_mpu.o(.text)
    mpu_write_mem                            0x08004ec9   Thumb Code   122  inv_mpu.o(.text)
    mpu_read_mem                             0x08004f43   Thumb Code   122  inv_mpu.o(.text)
    mpu_load_firmware                        0x08004fbd   Thumb Code   190  inv_mpu.o(.text)
    mpu_get_dmp_state                        0x0800507b   Thumb Code    14  inv_mpu.o(.text)
    setup_compass                            0x08005089   Thumb Code     6  inv_mpu.o(.text)
    mpu_get_compass_reg                      0x0800508f   Thumb Code     8  inv_mpu.o(.text)
    mpu_get_compass_fsr                      0x08005097   Thumb Code     8  inv_mpu.o(.text)
    mpu_lp_motion_interrupt                  0x0800509f   Thumb Code   512  inv_mpu.o(.text)
    run_self_test                            0x0800529f   Thumb Code   148  inv_mpu.o(.text)
    inv_row_2_scale                          0x08005333   Thumb Code    78  inv_mpu.o(.text)
    inv_orientation_matrix_to_scalar         0x08005381   Thumb Code    40  inv_mpu.o(.text)
    mpu_dmp_init                             0x080053a9   Thumb Code   148  inv_mpu.o(.text)
    mpu_dmp_get_data                         0x0800543d   Thumb Code   554  inv_mpu.o(.text)
    dmp_load_motion_driver_firmware          0x0800566d   Thumb Code    20  inv_mpu_dmp_motion_driver.o(.text)
    dmp_set_orientation                      0x08005681   Thumb Code   290  inv_mpu_dmp_motion_driver.o(.text)
    dmp_set_gyro_bias                        0x080057a3   Thumb Code   294  inv_mpu_dmp_motion_driver.o(.text)
    dmp_set_accel_bias                       0x080058c9   Thumb Code   300  inv_mpu_dmp_motion_driver.o(.text)
    dmp_set_fifo_rate                        0x080059f5   Thumb Code   136  inv_mpu_dmp_motion_driver.o(.text)
    dmp_get_fifo_rate                        0x08005a7d   Thumb Code    12  inv_mpu_dmp_motion_driver.o(.text)
    dmp_set_tap_thresh                       0x08005a89   Thumb Code   396  inv_mpu_dmp_motion_driver.o(.text)
    dmp_set_tap_axes                         0x08005c15   Thumb Code    70  inv_mpu_dmp_motion_driver.o(.text)
    dmp_set_tap_count                        0x08005c5b   Thumb Code    38  inv_mpu_dmp_motion_driver.o(.text)
    dmp_set_tap_time                         0x08005c81   Thumb Code    38  inv_mpu_dmp_motion_driver.o(.text)
    dmp_set_tap_time_multi                   0x08005ca7   Thumb Code    38  inv_mpu_dmp_motion_driver.o(.text)
    dmp_set_shake_reject_thresh              0x08005ccd   Thumb Code    56  inv_mpu_dmp_motion_driver.o(.text)
    dmp_set_shake_reject_time                0x08005d05   Thumb Code    38  inv_mpu_dmp_motion_driver.o(.text)
    dmp_set_shake_reject_timeout             0x08005d2b   Thumb Code    38  inv_mpu_dmp_motion_driver.o(.text)
    dmp_get_pedometer_step_count             0x08005d51   Thumb Code    66  inv_mpu_dmp_motion_driver.o(.text)
    dmp_set_pedometer_step_count             0x08005d93   Thumb Code    42  inv_mpu_dmp_motion_driver.o(.text)
    dmp_get_pedometer_walk_time              0x08005dbd   Thumb Code    72  inv_mpu_dmp_motion_driver.o(.text)
    dmp_set_pedometer_walk_time              0x08005e05   Thumb Code    48  inv_mpu_dmp_motion_driver.o(.text)
    dmp_enable_6x_lp_quat                    0x08005e35   Thumb Code    84  inv_mpu_dmp_motion_driver.o(.text)
    dmp_enable_lp_quat                       0x08005e89   Thumb Code    60  inv_mpu_dmp_motion_driver.o(.text)
    dmp_enable_gyro_cal                      0x08005ec5   Thumb Code    62  inv_mpu_dmp_motion_driver.o(.text)
    dmp_enable_feature                       0x08005f03   Thumb Code   530  inv_mpu_dmp_motion_driver.o(.text)
    dmp_get_enabled_features                 0x08006115   Thumb Code    12  inv_mpu_dmp_motion_driver.o(.text)
    dmp_set_interrupt_mode                   0x0800617f   Thumb Code    66  inv_mpu_dmp_motion_driver.o(.text)
    dmp_read_fifo                            0x080061c1   Thumb Code   514  inv_mpu_dmp_motion_driver.o(.text)
    dmp_register_tap_cb                      0x080063c3   Thumb Code    10  inv_mpu_dmp_motion_driver.o(.text)
    dmp_register_android_orient_cb           0x080063cd   Thumb Code    10  inv_mpu_dmp_motion_driver.o(.text)
    DMA1_USART2_Init                         0x080063dd   Thumb Code   254  usart2.o(.text)
    Initial_UART2                            0x080064db   Thumb Code   166  usart2.o(.text)
    DMA_USART2_Tx_Data                       0x08006581   Thumb Code    48  usart2.o(.text)
    DMA1_Channel7_IRQHandler                 0x080065b1   Thumb Code    48  usart2.o(.text)
    USART2_IRQHandler                        0x080065e1   Thumb Code    80  usart2.o(.text)
    PlugIn_Init                              0x08006655   Thumb Code    32  usb_plugin.o(.text)
    PlugIn_Test                              0x08006675   Thumb Code    24  usb_plugin.o(.text)
    SR04_Configuration                       0x0800669d   Thumb Code   100  sr04.o(.text)
    EXTI15_10_IRQHandler                     0x08006701   Thumb Code   106  sr04.o(.text)
    SR04_StartMeasure                        0x0800676b   Thumb Code    30  sr04.o(.text)
    Timer4_Init                              0x08006789   Thumb Code    42  sr04.o(.text)
    TIM4_IRQHandler                          0x080067b3   Thumb Code    22  sr04.o(.text)
    forward                                  0x080067d9   Thumb Code     2  motion.o(.text)
    reverse                                  0x080067db   Thumb Code     2  motion.o(.text)
    plan                                     0x080067dd   Thumb Code   168  motion.o(.text)
    state_update                             0x08006885   Thumb Code   724  motion.o(.text)
    Reset_Handler                            0x08006b91   Thumb Code     8  startup_stm32f10x_md.o(.text)
    ADC1_2_IRQHandler                        0x08006bab   Thumb Code     0  startup_stm32f10x_md.o(.text)
    CAN1_RX1_IRQHandler                      0x08006bab   Thumb Code     0  startup_stm32f10x_md.o(.text)
    CAN1_SCE_IRQHandler                      0x08006bab   Thumb Code     0  startup_stm32f10x_md.o(.text)
    DMA1_Channel1_IRQHandler                 0x08006bab   Thumb Code     0  startup_stm32f10x_md.o(.text)
    DMA1_Channel2_IRQHandler                 0x08006bab   Thumb Code     0  startup_stm32f10x_md.o(.text)
    DMA1_Channel3_IRQHandler                 0x08006bab   Thumb Code     0  startup_stm32f10x_md.o(.text)
    DMA1_Channel5_IRQHandler                 0x08006bab   Thumb Code     0  startup_stm32f10x_md.o(.text)
    DMA1_Channel6_IRQHandler                 0x08006bab   Thumb Code     0  startup_stm32f10x_md.o(.text)
    EXTI0_IRQHandler                         0x08006bab   Thumb Code     0  startup_stm32f10x_md.o(.text)
    EXTI1_IRQHandler                         0x08006bab   Thumb Code     0  startup_stm32f10x_md.o(.text)
    EXTI2_IRQHandler                         0x08006bab   Thumb Code     0  startup_stm32f10x_md.o(.text)
    EXTI3_IRQHandler                         0x08006bab   Thumb Code     0  startup_stm32f10x_md.o(.text)
    EXTI4_IRQHandler                         0x08006bab   Thumb Code     0  startup_stm32f10x_md.o(.text)
    FLASH_IRQHandler                         0x08006bab   Thumb Code     0  startup_stm32f10x_md.o(.text)
    I2C1_ER_IRQHandler                       0x08006bab   Thumb Code     0  startup_stm32f10x_md.o(.text)
    I2C1_EV_IRQHandler                       0x08006bab   Thumb Code     0  startup_stm32f10x_md.o(.text)
    I2C2_ER_IRQHandler                       0x08006bab   Thumb Code     0  startup_stm32f10x_md.o(.text)
    I2C2_EV_IRQHandler                       0x08006bab   Thumb Code     0  startup_stm32f10x_md.o(.text)
    PVD_IRQHandler                           0x08006bab   Thumb Code     0  startup_stm32f10x_md.o(.text)
    RCC_IRQHandler                           0x08006bab   Thumb Code     0  startup_stm32f10x_md.o(.text)
    RTCAlarm_IRQHandler                      0x08006bab   Thumb Code     0  startup_stm32f10x_md.o(.text)
    RTC_IRQHandler                           0x08006bab   Thumb Code     0  startup_stm32f10x_md.o(.text)
    SPI1_IRQHandler                          0x08006bab   Thumb Code     0  startup_stm32f10x_md.o(.text)
    SPI2_IRQHandler                          0x08006bab   Thumb Code     0  startup_stm32f10x_md.o(.text)
    TAMPER_IRQHandler                        0x08006bab   Thumb Code     0  startup_stm32f10x_md.o(.text)
    TIM1_BRK_IRQHandler                      0x08006bab   Thumb Code     0  startup_stm32f10x_md.o(.text)
    TIM1_CC_IRQHandler                       0x08006bab   Thumb Code     0  startup_stm32f10x_md.o(.text)
    TIM1_TRG_COM_IRQHandler                  0x08006bab   Thumb Code     0  startup_stm32f10x_md.o(.text)
    TIM1_UP_IRQHandler                       0x08006bab   Thumb Code     0  startup_stm32f10x_md.o(.text)
    TIM2_IRQHandler                          0x08006bab   Thumb Code     0  startup_stm32f10x_md.o(.text)
    TIM3_IRQHandler                          0x08006bab   Thumb Code     0  startup_stm32f10x_md.o(.text)
    USBWakeUp_IRQHandler                     0x08006bab   Thumb Code     0  startup_stm32f10x_md.o(.text)
    USB_HP_CAN1_TX_IRQHandler                0x08006bab   Thumb Code     0  startup_stm32f10x_md.o(.text)
    USB_LP_CAN1_RX0_IRQHandler               0x08006bab   Thumb Code     0  startup_stm32f10x_md.o(.text)
    WWDG_IRQHandler                          0x08006bab   Thumb Code     0  startup_stm32f10x_md.o(.text)
    NVIC_PriorityGroupConfig                 0x08006bb5   Thumb Code    10  misc.o(.text)
    NVIC_Init                                0x08006bbf   Thumb Code   100  misc.o(.text)
    NVIC_SetVectorTable                      0x08006c23   Thumb Code    14  misc.o(.text)
    NVIC_SystemLPConfig                      0x08006c31   Thumb Code    34  misc.o(.text)
    SysTick_CLKSourceConfig                  0x08006c53   Thumb Code    40  misc.o(.text)
    ADC_DeInit                               0x08006c91   Thumb Code    78  stm32f10x_adc.o(.text)
    ADC_Init                                 0x08006cdf   Thumb Code    70  stm32f10x_adc.o(.text)
    ADC_StructInit                           0x08006d25   Thumb Code    18  stm32f10x_adc.o(.text)
    ADC_Cmd                                  0x08006d37   Thumb Code    22  stm32f10x_adc.o(.text)
    ADC_DMACmd                               0x08006d4d   Thumb Code    22  stm32f10x_adc.o(.text)
    ADC_ITConfig                             0x08006d63   Thumb Code    24  stm32f10x_adc.o(.text)
    ADC_ResetCalibration                     0x08006d7b   Thumb Code    10  stm32f10x_adc.o(.text)
    ADC_GetResetCalibrationStatus            0x08006d85   Thumb Code    20  stm32f10x_adc.o(.text)
    ADC_StartCalibration                     0x08006d99   Thumb Code    10  stm32f10x_adc.o(.text)
    ADC_GetCalibrationStatus                 0x08006da3   Thumb Code    20  stm32f10x_adc.o(.text)
    ADC_SoftwareStartConvCmd                 0x08006db7   Thumb Code    22  stm32f10x_adc.o(.text)
    ADC_GetSoftwareStartConvStatus           0x08006dcd   Thumb Code    20  stm32f10x_adc.o(.text)
    ADC_DiscModeChannelCountConfig           0x08006de1   Thumb Code    24  stm32f10x_adc.o(.text)
    ADC_DiscModeCmd                          0x08006df9   Thumb Code    22  stm32f10x_adc.o(.text)
    ADC_RegularChannelConfig                 0x08006e0f   Thumb Code   184  stm32f10x_adc.o(.text)
    ADC_ExternalTrigConvCmd                  0x08006ec7   Thumb Code    22  stm32f10x_adc.o(.text)
    ADC_GetConversionValue                   0x08006edd   Thumb Code     8  stm32f10x_adc.o(.text)
    ADC_GetDualModeConversionValue           0x08006ee5   Thumb Code     8  stm32f10x_adc.o(.text)
    ADC_AutoInjectedConvCmd                  0x08006eed   Thumb Code    22  stm32f10x_adc.o(.text)
    ADC_InjectedDiscModeCmd                  0x08006f03   Thumb Code    22  stm32f10x_adc.o(.text)
    ADC_ExternalTrigInjectedConvConfig       0x08006f19   Thumb Code    16  stm32f10x_adc.o(.text)
    ADC_ExternalTrigInjectedConvCmd          0x08006f29   Thumb Code    22  stm32f10x_adc.o(.text)
    ADC_SoftwareStartInjectedConvCmd         0x08006f3f   Thumb Code    22  stm32f10x_adc.o(.text)
    ADC_GetSoftwareStartInjectedConvCmdStatus 0x08006f55   Thumb Code    20  stm32f10x_adc.o(.text)
    ADC_InjectedChannelConfig                0x08006f69   Thumb Code   130  stm32f10x_adc.o(.text)
    ADC_InjectedSequencerLengthConfig        0x08006feb   Thumb Code    24  stm32f10x_adc.o(.text)
    ADC_SetInjectedOffset                    0x08007003   Thumb Code    20  stm32f10x_adc.o(.text)
    ADC_GetInjectedConversionValue           0x08007017   Thumb Code    28  stm32f10x_adc.o(.text)
    ADC_AnalogWatchdogCmd                    0x08007033   Thumb Code    16  stm32f10x_adc.o(.text)
    ADC_AnalogWatchdogThresholdsConfig       0x08007043   Thumb Code     6  stm32f10x_adc.o(.text)
    ADC_AnalogWatchdogSingleChannelConfig    0x08007049   Thumb Code    16  stm32f10x_adc.o(.text)
    ADC_TempSensorVrefintCmd                 0x08007059   Thumb Code    64  stm32f10x_adc.o(.text)
    ADC_GetFlagStatus                        0x08007099   Thumb Code    18  stm32f10x_adc.o(.text)
    ADC_ClearFlag                            0x080070ab   Thumb Code     6  stm32f10x_adc.o(.text)
    ADC_GetITStatus                          0x080070b1   Thumb Code    36  stm32f10x_adc.o(.text)
    ADC_ClearITPendingBit                    0x080070d5   Thumb Code    10  stm32f10x_adc.o(.text)
    EXTI_DeInit                              0x080070e1   Thumb Code    28  stm32f10x_exti.o(.text)
    EXTI_Init                                0x080070fd   Thumb Code   142  stm32f10x_exti.o(.text)
    EXTI_StructInit                          0x0800718b   Thumb Code    16  stm32f10x_exti.o(.text)
    EXTI_GenerateSWInterrupt                 0x0800719b   Thumb Code    16  stm32f10x_exti.o(.text)
    EXTI_GetFlagStatus                       0x080071ab   Thumb Code    22  stm32f10x_exti.o(.text)
    EXTI_ClearFlag                           0x080071c1   Thumb Code     8  stm32f10x_exti.o(.text)
    EXTI_GetITStatus                         0x080071c9   Thumb Code    34  stm32f10x_exti.o(.text)
    EXTI_ClearITPendingBit                   0x080071eb   Thumb Code     8  stm32f10x_exti.o(.text)
    GPIO_DeInit                              0x080071fd   Thumb Code   172  stm32f10x_gpio.o(.text)
    GPIO_AFIODeInit                          0x080072a9   Thumb Code    20  stm32f10x_gpio.o(.text)
    GPIO_Init                                0x080072bd   Thumb Code   278  stm32f10x_gpio.o(.text)
    GPIO_StructInit                          0x080073d3   Thumb Code    16  stm32f10x_gpio.o(.text)
    GPIO_ReadInputDataBit                    0x080073e3   Thumb Code    18  stm32f10x_gpio.o(.text)
    GPIO_ReadInputData                       0x080073f5   Thumb Code     8  stm32f10x_gpio.o(.text)
    GPIO_ReadOutputDataBit                   0x080073fd   Thumb Code    18  stm32f10x_gpio.o(.text)
    GPIO_ReadOutputData                      0x0800740f   Thumb Code     8  stm32f10x_gpio.o(.text)
    GPIO_SetBits                             0x08007417   Thumb Code     4  stm32f10x_gpio.o(.text)
    GPIO_ResetBits                           0x0800741b   Thumb Code     4  stm32f10x_gpio.o(.text)
    GPIO_WriteBit                            0x0800741f   Thumb Code    10  stm32f10x_gpio.o(.text)
    GPIO_Write                               0x08007429   Thumb Code     4  stm32f10x_gpio.o(.text)
    GPIO_PinLockConfig                       0x0800742d   Thumb Code    18  stm32f10x_gpio.o(.text)
    GPIO_EventOutputConfig                   0x0800743f   Thumb Code    26  stm32f10x_gpio.o(.text)
    GPIO_EventOutputCmd                      0x08007459   Thumb Code     6  stm32f10x_gpio.o(.text)
    GPIO_PinRemapConfig                      0x0800745f   Thumb Code   138  stm32f10x_gpio.o(.text)
    GPIO_EXTILineConfig                      0x080074e9   Thumb Code    66  stm32f10x_gpio.o(.text)
    GPIO_ETH_MediaInterfaceConfig            0x0800752b   Thumb Code     8  stm32f10x_gpio.o(.text)
    RCC_DeInit                               0x08007559   Thumb Code    64  stm32f10x_rcc.o(.text)
    RCC_HSEConfig                            0x08007599   Thumb Code    70  stm32f10x_rcc.o(.text)
    RCC_GetFlagStatus                        0x080075df   Thumb Code    56  stm32f10x_rcc.o(.text)
    RCC_WaitForHSEStartUp                    0x08007617   Thumb Code    56  stm32f10x_rcc.o(.text)
    RCC_AdjustHSICalibrationValue            0x0800764f   Thumb Code    20  stm32f10x_rcc.o(.text)
    RCC_HSICmd                               0x08007663   Thumb Code     6  stm32f10x_rcc.o(.text)
    RCC_PLLConfig                            0x08007669   Thumb Code    24  stm32f10x_rcc.o(.text)
    RCC_PLLCmd                               0x08007681   Thumb Code     6  stm32f10x_rcc.o(.text)
    RCC_SYSCLKConfig                         0x08007687   Thumb Code    18  stm32f10x_rcc.o(.text)
    RCC_GetSYSCLKSource                      0x08007699   Thumb Code    10  stm32f10x_rcc.o(.text)
    RCC_HCLKConfig                           0x080076a3   Thumb Code    18  stm32f10x_rcc.o(.text)
    RCC_PCLK1Config                          0x080076b5   Thumb Code    18  stm32f10x_rcc.o(.text)
    RCC_PCLK2Config                          0x080076c7   Thumb Code    20  stm32f10x_rcc.o(.text)
    RCC_ITConfig                             0x080076db   Thumb Code    26  stm32f10x_rcc.o(.text)
    RCC_USBCLKConfig                         0x080076f5   Thumb Code     8  stm32f10x_rcc.o(.text)
    RCC_ADCCLKConfig                         0x080076fd   Thumb Code    18  stm32f10x_rcc.o(.text)
    RCC_LSEConfig                            0x0800770f   Thumb Code    50  stm32f10x_rcc.o(.text)
    RCC_LSICmd                               0x08007741   Thumb Code     6  stm32f10x_rcc.o(.text)
    RCC_RTCCLKConfig                         0x08007747   Thumb Code    12  stm32f10x_rcc.o(.text)
    RCC_RTCCLKCmd                            0x08007753   Thumb Code     8  stm32f10x_rcc.o(.text)
    RCC_GetClocksFreq                        0x0800775b   Thumb Code   192  stm32f10x_rcc.o(.text)
    RCC_AHBPeriphClockCmd                    0x0800781b   Thumb Code    26  stm32f10x_rcc.o(.text)
    RCC_APB2PeriphClockCmd                   0x08007835   Thumb Code    26  stm32f10x_rcc.o(.text)
    RCC_APB1PeriphClockCmd                   0x0800784f   Thumb Code    26  stm32f10x_rcc.o(.text)
    RCC_APB2PeriphResetCmd                   0x08007869   Thumb Code    26  stm32f10x_rcc.o(.text)
    RCC_APB1PeriphResetCmd                   0x08007883   Thumb Code    26  stm32f10x_rcc.o(.text)
    RCC_BackupResetCmd                       0x0800789d   Thumb Code     8  stm32f10x_rcc.o(.text)
    RCC_ClockSecuritySystemCmd               0x080078a5   Thumb Code     6  stm32f10x_rcc.o(.text)
    RCC_MCOConfig                            0x080078ab   Thumb Code     6  stm32f10x_rcc.o(.text)
    RCC_ClearFlag                            0x080078b1   Thumb Code    14  stm32f10x_rcc.o(.text)
    RCC_GetITStatus                          0x080078bf   Thumb Code    20  stm32f10x_rcc.o(.text)
    RCC_ClearITPendingBit                    0x080078d3   Thumb Code     6  stm32f10x_rcc.o(.text)
    TIM_DeInit                               0x080078fd   Thumb Code   424  stm32f10x_tim.o(.text)
    TIM_TimeBaseInit                         0x08007aa5   Thumb Code   122  stm32f10x_tim.o(.text)
    TIM_OC1Init                              0x08007b1f   Thumb Code   132  stm32f10x_tim.o(.text)
    TIM_OC2Init                              0x08007ba3   Thumb Code   154  stm32f10x_tim.o(.text)
    TIM_OC3Init                              0x08007c3d   Thumb Code   150  stm32f10x_tim.o(.text)
    TIM_OC4Init                              0x08007cd3   Thumb Code   182  stm32f10x_tim.o(.text)
    TIM_SetIC4Prescaler                      0x08007d89   Thumb Code    26  stm32f10x_tim.o(.text)
    TIM_SetIC3Prescaler                      0x08007e25   Thumb Code    18  stm32f10x_tim.o(.text)
    TIM_SetIC2Prescaler                      0x08007eb1   Thumb Code    26  stm32f10x_tim.o(.text)
    TIM_SetIC1Prescaler                      0x08007f4d   Thumb Code    18  stm32f10x_tim.o(.text)
    TIM_ICInit                               0x08007fcb   Thumb Code   150  stm32f10x_tim.o(.text)
    TIM_PWMIConfig                           0x08008061   Thumb Code   124  stm32f10x_tim.o(.text)
    TIM_BDTRConfig                           0x080080dd   Thumb Code    32  stm32f10x_tim.o(.text)
    TIM_TimeBaseStructInit                   0x080080fd   Thumb Code    18  stm32f10x_tim.o(.text)
    TIM_OCStructInit                         0x0800810f   Thumb Code    20  stm32f10x_tim.o(.text)
    TIM_ICStructInit                         0x08008123   Thumb Code    18  stm32f10x_tim.o(.text)
    TIM_BDTRStructInit                       0x08008135   Thumb Code    40  stm32f10x_tim.o(.text)
    TIM_Cmd                                  0x0800815d   Thumb Code    24  stm32f10x_tim.o(.text)
    TIM_CtrlPWMOutputs                       0x08008175   Thumb Code    30  stm32f10x_tim.o(.text)
    TIM_ITConfig                             0x08008193   Thumb Code    18  stm32f10x_tim.o(.text)
    TIM_GenerateEvent                        0x080081a5   Thumb Code     4  stm32f10x_tim.o(.text)
    TIM_DMAConfig                            0x080081a9   Thumb Code    10  stm32f10x_tim.o(.text)
    TIM_DMACmd                               0x080081b3   Thumb Code    18  stm32f10x_tim.o(.text)
    TIM_InternalClockConfig                  0x080081c5   Thumb Code    12  stm32f10x_tim.o(.text)
    TIM_SelectInputTrigger                   0x080081d1   Thumb Code    18  stm32f10x_tim.o(.text)
    TIM_ITRxExternalClockConfig              0x080081e3   Thumb Code    24  stm32f10x_tim.o(.text)
    TIM_TIxExternalClockConfig               0x080081fb   Thumb Code    62  stm32f10x_tim.o(.text)
    TIM_ETRConfig                            0x08008239   Thumb Code    28  stm32f10x_tim.o(.text)
    TIM_ETRClockMode1Config                  0x08008255   Thumb Code    54  stm32f10x_tim.o(.text)
    TIM_ETRClockMode2Config                  0x0800828b   Thumb Code    32  stm32f10x_tim.o(.text)
    TIM_PrescalerConfig                      0x080082ab   Thumb Code     6  stm32f10x_tim.o(.text)
    TIM_CounterModeConfig                    0x080082b1   Thumb Code    18  stm32f10x_tim.o(.text)
    TIM_EncoderInterfaceConfig               0x080082c3   Thumb Code    66  stm32f10x_tim.o(.text)
    TIM_ForcedOC1Config                      0x08008305   Thumb Code    18  stm32f10x_tim.o(.text)
    TIM_ForcedOC2Config                      0x08008317   Thumb Code    26  stm32f10x_tim.o(.text)
    TIM_ForcedOC3Config                      0x08008331   Thumb Code    18  stm32f10x_tim.o(.text)
    TIM_ForcedOC4Config                      0x08008343   Thumb Code    26  stm32f10x_tim.o(.text)
    TIM_ARRPreloadConfig                     0x0800835d   Thumb Code    24  stm32f10x_tim.o(.text)
    TIM_SelectCOM                            0x08008375   Thumb Code    24  stm32f10x_tim.o(.text)
    TIM_SelectCCDMA                          0x0800838d   Thumb Code    24  stm32f10x_tim.o(.text)
    TIM_CCPreloadControl                     0x080083a5   Thumb Code    24  stm32f10x_tim.o(.text)
    TIM_OC1PreloadConfig                     0x080083bd   Thumb Code    18  stm32f10x_tim.o(.text)
    TIM_OC2PreloadConfig                     0x080083cf   Thumb Code    26  stm32f10x_tim.o(.text)
    TIM_OC3PreloadConfig                     0x080083e9   Thumb Code    18  stm32f10x_tim.o(.text)
    TIM_OC4PreloadConfig                     0x080083fb   Thumb Code    26  stm32f10x_tim.o(.text)
    TIM_OC1FastConfig                        0x08008415   Thumb Code    18  stm32f10x_tim.o(.text)
    TIM_OC2FastConfig                        0x08008427   Thumb Code    26  stm32f10x_tim.o(.text)
    TIM_OC3FastConfig                        0x08008441   Thumb Code    18  stm32f10x_tim.o(.text)
    TIM_OC4FastConfig                        0x08008453   Thumb Code    26  stm32f10x_tim.o(.text)
    TIM_ClearOC1Ref                          0x0800846d   Thumb Code    18  stm32f10x_tim.o(.text)
    TIM_ClearOC2Ref                          0x0800847f   Thumb Code    24  stm32f10x_tim.o(.text)
    TIM_ClearOC3Ref                          0x08008497   Thumb Code    18  stm32f10x_tim.o(.text)
    TIM_ClearOC4Ref                          0x080084a9   Thumb Code    24  stm32f10x_tim.o(.text)
    TIM_OC1PolarityConfig                    0x080084c1   Thumb Code    18  stm32f10x_tim.o(.text)
    TIM_OC1NPolarityConfig                   0x080084d3   Thumb Code    18  stm32f10x_tim.o(.text)
    TIM_OC2PolarityConfig                    0x080084e5   Thumb Code    26  stm32f10x_tim.o(.text)
    TIM_OC2NPolarityConfig                   0x080084ff   Thumb Code    26  stm32f10x_tim.o(.text)
    TIM_OC3PolarityConfig                    0x08008519   Thumb Code    26  stm32f10x_tim.o(.text)
    TIM_OC3NPolarityConfig                   0x08008533   Thumb Code    26  stm32f10x_tim.o(.text)
    TIM_OC4PolarityConfig                    0x0800854d   Thumb Code    26  stm32f10x_tim.o(.text)
    TIM_CCxCmd                               0x08008567   Thumb Code    30  stm32f10x_tim.o(.text)
    TIM_CCxNCmd                              0x08008585   Thumb Code    30  stm32f10x_tim.o(.text)
    TIM_SelectOCxM                           0x080085a3   Thumb Code    82  stm32f10x_tim.o(.text)
    TIM_UpdateDisableConfig                  0x080085f5   Thumb Code    24  stm32f10x_tim.o(.text)
    TIM_UpdateRequestConfig                  0x0800860d   Thumb Code    24  stm32f10x_tim.o(.text)
    TIM_SelectHallSensor                     0x08008625   Thumb Code    24  stm32f10x_tim.o(.text)
    TIM_SelectOnePulseMode                   0x0800863d   Thumb Code    18  stm32f10x_tim.o(.text)
    TIM_SelectOutputTrigger                  0x0800864f   Thumb Code    18  stm32f10x_tim.o(.text)
    TIM_SelectSlaveMode                      0x08008661   Thumb Code    18  stm32f10x_tim.o(.text)
    TIM_SelectMasterSlaveMode                0x08008673   Thumb Code    18  stm32f10x_tim.o(.text)
    TIM_SetCounter                           0x08008685   Thumb Code     4  stm32f10x_tim.o(.text)
    TIM_SetAutoreload                        0x08008689   Thumb Code     4  stm32f10x_tim.o(.text)
    TIM_SetCompare1                          0x0800868d   Thumb Code     4  stm32f10x_tim.o(.text)
    TIM_SetCompare2                          0x08008691   Thumb Code     4  stm32f10x_tim.o(.text)
    TIM_SetCompare3                          0x08008695   Thumb Code     4  stm32f10x_tim.o(.text)
    TIM_SetCompare4                          0x08008699   Thumb Code     6  stm32f10x_tim.o(.text)
    TIM_SetClockDivision                     0x0800869f   Thumb Code    18  stm32f10x_tim.o(.text)
    TIM_GetCapture1                          0x080086b1   Thumb Code     6  stm32f10x_tim.o(.text)
    TIM_GetCapture2                          0x080086b7   Thumb Code     6  stm32f10x_tim.o(.text)
    TIM_GetCapture3                          0x080086bd   Thumb Code     6  stm32f10x_tim.o(.text)
    TIM_GetCapture4                          0x080086c3   Thumb Code     8  stm32f10x_tim.o(.text)
    TIM_GetCounter                           0x080086cb   Thumb Code     6  stm32f10x_tim.o(.text)
    TIM_GetPrescaler                         0x080086d1   Thumb Code     6  stm32f10x_tim.o(.text)
    TIM_GetFlagStatus                        0x080086d7   Thumb Code    18  stm32f10x_tim.o(.text)
    TIM_ClearFlag                            0x080086e9   Thumb Code     6  stm32f10x_tim.o(.text)
    TIM_GetITStatus                          0x080086ef   Thumb Code    34  stm32f10x_tim.o(.text)
    TIM_ClearITPendingBit                    0x08008711   Thumb Code     6  stm32f10x_tim.o(.text)
    USART_DeInit                             0x08008719   Thumb Code   134  stm32f10x_usart.o(.text)
    USART_Init                               0x0800879f   Thumb Code   210  stm32f10x_usart.o(.text)
    USART_StructInit                         0x08008871   Thumb Code    24  stm32f10x_usart.o(.text)
    USART_ClockInit                          0x08008889   Thumb Code    34  stm32f10x_usart.o(.text)
    USART_ClockStructInit                    0x080088ab   Thumb Code    12  stm32f10x_usart.o(.text)
    USART_Cmd                                0x080088b7   Thumb Code    24  stm32f10x_usart.o(.text)
    USART_ITConfig                           0x080088cf   Thumb Code    74  stm32f10x_usart.o(.text)
    USART_DMACmd                             0x08008919   Thumb Code    18  stm32f10x_usart.o(.text)
    USART_SetAddress                         0x0800892b   Thumb Code    18  stm32f10x_usart.o(.text)
    USART_WakeUpConfig                       0x0800893d   Thumb Code    18  stm32f10x_usart.o(.text)
    USART_ReceiverWakeUpCmd                  0x0800894f   Thumb Code    24  stm32f10x_usart.o(.text)
    USART_LINBreakDetectLengthConfig         0x08008967   Thumb Code    18  stm32f10x_usart.o(.text)
    USART_LINCmd                             0x08008979   Thumb Code    24  stm32f10x_usart.o(.text)
    USART_SendData                           0x08008991   Thumb Code     8  stm32f10x_usart.o(.text)
    USART_ReceiveData                        0x08008999   Thumb Code    10  stm32f10x_usart.o(.text)
    USART_SendBreak                          0x080089a3   Thumb Code    10  stm32f10x_usart.o(.text)
    USART_SetGuardTime                       0x080089ad   Thumb Code    16  stm32f10x_usart.o(.text)
    USART_SetPrescaler                       0x080089bd   Thumb Code    16  stm32f10x_usart.o(.text)
    USART_SmartCardCmd                       0x080089cd   Thumb Code    24  stm32f10x_usart.o(.text)
    USART_SmartCardNACKCmd                   0x080089e5   Thumb Code    24  stm32f10x_usart.o(.text)
    USART_HalfDuplexCmd                      0x080089fd   Thumb Code    24  stm32f10x_usart.o(.text)
    USART_OverSampling8Cmd                   0x08008a15   Thumb Code    22  stm32f10x_usart.o(.text)
    USART_OneBitMethodCmd                    0x08008a2b   Thumb Code    24  stm32f10x_usart.o(.text)
    USART_IrDAConfig                         0x08008a43   Thumb Code    18  stm32f10x_usart.o(.text)
    USART_IrDACmd                            0x08008a55   Thumb Code    24  stm32f10x_usart.o(.text)
    USART_GetFlagStatus                      0x08008a6d   Thumb Code    26  stm32f10x_usart.o(.text)
    USART_ClearFlag                          0x08008a87   Thumb Code    18  stm32f10x_usart.o(.text)
    USART_GetITStatus                        0x08008a99   Thumb Code    84  stm32f10x_usart.o(.text)
    USART_ClearITPendingBit                  0x08008aed   Thumb Code    52  stm32f10x_usart.o(.text)
    DMA_DeInit                               0x08008b21   Thumb Code   324  stm32f10x_dma.o(.text)
    DMA_Init                                 0x08008c65   Thumb Code    60  stm32f10x_dma.o(.text)
    DMA_StructInit                           0x08008ca1   Thumb Code    26  stm32f10x_dma.o(.text)
    DMA_Cmd                                  0x08008cbb   Thumb Code    24  stm32f10x_dma.o(.text)
    DMA_ITConfig                             0x08008cd3   Thumb Code    18  stm32f10x_dma.o(.text)
    DMA_SetCurrDataCounter                   0x08008ce5   Thumb Code     4  stm32f10x_dma.o(.text)
    DMA_GetCurrDataCounter                   0x08008ce9   Thumb Code     8  stm32f10x_dma.o(.text)
    DMA_GetFlagStatus                        0x08008cf1   Thumb Code    40  stm32f10x_dma.o(.text)
    DMA_ClearFlag                            0x08008d19   Thumb Code    22  stm32f10x_dma.o(.text)
    DMA_GetITStatus                          0x08008d2f   Thumb Code    40  stm32f10x_dma.o(.text)
    DMA_ClearITPendingBit                    0x08008d57   Thumb Code    22  stm32f10x_dma.o(.text)
    __aeabi_ldivmod                          0x08008d75   Thumb Code    98  ldiv.o(.text)
    __aeabi_memcpy                           0x08008dd7   Thumb Code    36  memcpya.o(.text)
    __aeabi_memcpy4                          0x08008dd7   Thumb Code     0  memcpya.o(.text)
    __aeabi_memcpy8                          0x08008dd7   Thumb Code     0  memcpya.o(.text)
    __aeabi_memset                           0x08008dfb   Thumb Code    14  memseta.o(.text)
    __aeabi_memset4                          0x08008dfb   Thumb Code     0  memseta.o(.text)
    __aeabi_memset8                          0x08008dfb   Thumb Code     0  memseta.o(.text)
    __aeabi_memclr                           0x08008e09   Thumb Code     4  memseta.o(.text)
    __aeabi_memclr4                          0x08008e09   Thumb Code     0  memseta.o(.text)
    __aeabi_memclr8                          0x08008e09   Thumb Code     0  memseta.o(.text)
    _memset$wrapper                          0x08008e0d   Thumb Code    18  memseta.o(.text)
    strlen                                   0x08008e1f   Thumb Code    14  strlen.o(.text)
    memcmp                                   0x08008e2d   Thumb Code    26  memcmp.o(.text)
    __aeabi_fadd                             0x08008e47   Thumb Code   164  fadd.o(.text)
    __aeabi_fsub                             0x08008eeb   Thumb Code     6  fadd.o(.text)
    __aeabi_frsub                            0x08008ef1   Thumb Code     6  fadd.o(.text)
    __aeabi_fmul                             0x08008ef7   Thumb Code   100  fmul.o(.text)
    __aeabi_fdiv                             0x08008f5b   Thumb Code   124  fdiv.o(.text)
    __aeabi_dadd                             0x08008fd7   Thumb Code   322  dadd.o(.text)
    __aeabi_dsub                             0x08009119   Thumb Code     6  dadd.o(.text)
    __aeabi_drsub                            0x0800911f   Thumb Code     6  dadd.o(.text)
    __aeabi_dmul                             0x08009125   Thumb Code   228  dmul.o(.text)
    __aeabi_ddiv                             0x08009209   Thumb Code   222  ddiv.o(.text)
    __aeabi_i2f                              0x080092e7   Thumb Code    18  fflti.o(.text)
    __aeabi_ui2f                             0x080092f9   Thumb Code    10  ffltui.o(.text)
    __aeabi_i2d                              0x08009303   Thumb Code    34  dflti.o(.text)
    __aeabi_ui2d                             0x08009325   Thumb Code    26  dfltui.o(.text)
    __aeabi_f2iz                             0x0800933f   Thumb Code    50  ffixi.o(.text)
    __aeabi_f2uiz                            0x08009371   Thumb Code    40  ffixui.o(.text)
    __aeabi_d2iz                             0x08009399   Thumb Code    62  dfixi.o(.text)
    __aeabi_d2uiz                            0x080093d7   Thumb Code    50  dfixui.o(.text)
    __aeabi_f2d                              0x08009409   Thumb Code    38  f2d.o(.text)
    __aeabi_cdcmpeq                          0x08009431   Thumb Code     0  cdcmple.o(.text)
    __aeabi_cdcmple                          0x08009431   Thumb Code    48  cdcmple.o(.text)
    __aeabi_cdrcmple                         0x08009461   Thumb Code    48  cdrcmple.o(.text)
    __aeabi_d2f                              0x08009491   Thumb Code    56  d2f.o(.text)
    __aeabi_cfcmpeq                          0x080094c9   Thumb Code     0  cfcmple.o(.text)
    __aeabi_cfcmple                          0x080094c9   Thumb Code    20  cfcmple.o(.text)
    __aeabi_cfrcmple                         0x080094dd   Thumb Code    20  cfrcmple.o(.text)
    __aeabi_uidiv                            0x080094f1   Thumb Code     0  uidiv.o(.text)
    __aeabi_uidivmod                         0x080094f1   Thumb Code    44  uidiv.o(.text)
    __aeabi_uldivmod                         0x0800951d   Thumb Code    98  uldiv.o(.text)
    __aeabi_llsl                             0x0800957f   Thumb Code    30  llshl.o(.text)
    _ll_shift_l                              0x0800957f   Thumb Code     0  llshl.o(.text)
    __aeabi_llsr                             0x0800959d   Thumb Code    32  llushr.o(.text)
    _ll_ushift_r                             0x0800959d   Thumb Code     0  llushr.o(.text)
    __aeabi_lasr                             0x080095bd   Thumb Code    36  llsshr.o(.text)
    _ll_sshift_r                             0x080095bd   Thumb Code     0  llsshr.o(.text)
    __I$use$fp                               0x080095e1   Thumb Code     0  iusefp.o(.text)
    _float_round                             0x080095e1   Thumb Code    18  fepilogue.o(.text)
    _float_epilogue                          0x080095f3   Thumb Code    92  fepilogue.o(.text)
    _double_round                            0x0800964f   Thumb Code    30  depilogue.o(.text)
    _double_epilogue                         0x0800966d   Thumb Code   156  depilogue.o(.text)
    __ARM_scalbn                             0x08009709   Thumb Code    46  dscalb.o(.text)
    scalbn                                   0x08009709   Thumb Code     0  dscalb.o(.text)
    __aeabi_d2ulz                            0x08009737   Thumb Code    48  dfixul.o(.text)
    __scatterload                            0x08009769   Thumb Code    28  init.o(.text)
    __scatterload_rt2                        0x08009769   Thumb Code     0  init.o(.text)
    _dsqrt                                   0x0800978d   Thumb Code   162  dsqrt.o(.text)
    __decompress                             0x0800982f   Thumb Code     0  __dczerorl2.o(.text)
    __decompress1                            0x0800982f   Thumb Code    86  __dczerorl2.o(.text)
    __0printf                                0x08009885   Thumb Code    22  printfa.o(i.__0printf)
    __1printf                                0x08009885   Thumb Code     0  printfa.o(i.__0printf)
    __2printf                                0x08009885   Thumb Code     0  printfa.o(i.__0printf)
    __c89printf                              0x08009885   Thumb Code     0  printfa.o(i.__0printf)
    printf                                   0x08009885   Thumb Code     0  printfa.o(i.__0printf)
    __0sprintf                               0x080098a5   Thumb Code    34  printfa.o(i.__0sprintf)
    __1sprintf                               0x080098a5   Thumb Code     0  printfa.o(i.__0sprintf)
    __2sprintf                               0x080098a5   Thumb Code     0  printfa.o(i.__0sprintf)
    __c89sprintf                             0x080098a5   Thumb Code     0  printfa.o(i.__0sprintf)
    sprintf                                  0x080098a5   Thumb Code     0  printfa.o(i.__0sprintf)
    __ARM_fpclassify                         0x080098cd   Thumb Code    40  fpclassify.o(i.__ARM_fpclassify)
    __ieee754_rem_pio2                       0x080098f5   Thumb Code   828  rred.o(i.__ieee754_rem_pio2)
    __kernel_cos                             0x08009c7d   Thumb Code   230  cos_i.o(i.__kernel_cos)
    __kernel_poly                            0x08009d79   Thumb Code   170  poly.o(i.__kernel_poly)
    __kernel_sin                             0x08009e25   Thumb Code   224  sin_i.o(i.__kernel_sin)
    __mathlib_dbl_divzero                    0x08009f11   Thumb Code    12  dunder.o(i.__mathlib_dbl_divzero)
    __mathlib_dbl_infnan                     0x08009f21   Thumb Code     6  dunder.o(i.__mathlib_dbl_infnan)
    __mathlib_dbl_infnan2                    0x08009f27   Thumb Code     4  dunder.o(i.__mathlib_dbl_infnan2)
    __mathlib_dbl_invalid                    0x08009f2b   Thumb Code    12  dunder.o(i.__mathlib_dbl_invalid)
    __mathlib_dbl_overflow                   0x08009f37   Thumb Code    14  dunder.o(i.__mathlib_dbl_overflow)
    __mathlib_dbl_underflow                  0x08009f45   Thumb Code    10  dunder.o(i.__mathlib_dbl_underflow)
    __scatterload_copy                       0x08009f55   Thumb Code    14  handlers.o(i.__scatterload_copy)
    __scatterload_null                       0x08009f63   Thumb Code     2  handlers.o(i.__scatterload_null)
    __scatterload_zeroinit                   0x08009f65   Thumb Code    14  handlers.o(i.__scatterload_zeroinit)
    __set_errno                              0x08009f75   Thumb Code     6  errno.o(i.__set_errno)
    asin                                     0x0800a83d   Thumb Code   572  asin.o(i.asin)
    atan                                     0x0800aaad   Thumb Code   474  atan.o(i.atan)
    atan2                                    0x0800accd   Thumb Code   346  atan2.o(i.atan2)
    cos                                      0x0800ae4d   Thumb Code   148  cos.o(i.cos)
    floor                                    0x0800aee9   Thumb Code   204  floor.o(i.floor)
    free                                     0x0800afc5   Thumb Code    76  malloc.o(i.free)
    malloc                                   0x0800b015   Thumb Code    92  malloc.o(i.malloc)
    pow                                      0x0800b081   Thumb Code  2512  pow.o(i.pow)
    sin                                      0x0800ba59   Thumb Code   150  sin.o(i.sin)
    sqrt                                     0x0800baf9   Thumb Code    76  sqrt.o(i.sqrt)
    LQR_K                                    0x0800bb44   Data          16  control.o(.constdata)
    L                                        0x0800bb54   Data          12  control.o(.constdata)
    for_bac                                  0x0800bb60   Data           1  control.o(.constdata)
    turn                                     0x0800bb61   Data           1  control.o(.constdata)
    F6x8                                     0x0800bb62   Data         552  oled.o(.constdata)
    F8X16                                    0x0800bd8a   Data        1520  oled.o(.constdata)
    reg                                      0x0800c37c   Data          27  inv_mpu.o(.constdata)
    hw                                       0x0800c398   Data          12  inv_mpu.o(.constdata)
    test                                     0x0800c3a4   Data          40  inv_mpu.o(.constdata)
    __mathlib_zero                           0x0800d168   Data           8  qnan.o(.constdata)
    Region$$Table$$Base                      0x0800d2b0   Number         0  anon$$obj.o(Region$$Table)
    Region$$Table$$Limit                     0x0800d2d0   Number         0  anon$$obj.o(Region$$Table)
    Voltage                                  0x20000000   Data           4  main.o(.data)
    pitch                                    0x20000004   Data           4  main.o(.data)
    roll                                     0x20000008   Data           4  main.o(.data)
    yaw                                      0x2000000c   Data           4  main.o(.data)
    aacx                                     0x20000010   Data           4  main.o(.data)
    aacy                                     0x20000014   Data           4  main.o(.data)
    aacz                                     0x20000018   Data           4  main.o(.data)
    gyrox                                    0x2000001c   Data           2  main.o(.data)
    gyroy                                    0x2000001e   Data           2  main.o(.data)
    gyroz                                    0x20000020   Data           2  main.o(.data)
    SR04_Distance                            0x20000024   Data           4  main.o(.data)
    Encoder_Left                             0x20000028   Data           4  main.o(.data)
    Encoder_Right                            0x2000002c   Data           4  main.o(.data)
    Moto1                                    0x20000030   Data           4  main.o(.data)
    Moto2                                    0x20000034   Data           4  main.o(.data)
    Velocity                                 0x20000038   Data           4  main.o(.data)
    Turn                                     0x2000003c   Data           4  main.o(.data)
    Mode                                     0x20000040   Data           1  main.o(.data)
    Uart_Receive                             0x20000044   Data           4  main.o(.data)
    key                                      0x20000048   Data           1  main.o(.data)
    TkSensor                                 0x20000049   Data           1  main.o(.data)
    buffer                                   0x2000004a   Data         200  main.o(.data)
    buf_size                                 0x20000114   Data           4  main.o(.data)
    SystemCoreClock                          0x2000011c   Data           4  system_stm32f10x.o(.data)
    AHBPrescTable                            0x20000120   Data          16  system_stm32f10x.o(.data)
    __stdout                                 0x20000134   Data           4  usart.o(.data)
    USART_RX_STA                             0x20000138   Data           1  usart.o(.data)
    USART1_TX_FLAG                           0x20000139   Data           1  usart.o(.data)
    USART1_RX_FLAG                           0x2000013a   Data           1  usart.o(.data)
    USART1_RX_LEN                            0x2000013b   Data           1  usart.o(.data)
    line                                     0x2000013c   Data           3  usart.o(.data)
    start_time                               0x20000140   Data           4  usart.o(.data)
    end_time                                 0x20000144   Data           4  usart.o(.data)
    USART3_RX_STA                            0x20000148   Data           1  usart.o(.data)
    Balance_Pwm                              0x20000154   Data           4  control.o(.data)
    Velocity_Pwm                             0x20000158   Data           4  control.o(.data)
    Turn_Pwm                                 0x2000015c   Data           4  control.o(.data)
    Turn_Kp                                  0x20000160   Data           4  control.o(.data)
    oled1                                    0x20000164   Data           4  control.o(.data)
    oled_A                                   0x20000168   Data           4  control.o(.data)
    oled_B                                   0x2000016c   Data           4  control.o(.data)
    oled_C                                   0x20000170   Data           4  control.o(.data)
    oled_D                                   0x20000174   Data           4  control.o(.data)
    oled_E                                   0x20000178   Data           4  control.o(.data)
    oled_F                                   0x2000017c   Data           4  control.o(.data)
    motion_mode                              0x20000180   Data           1  control.o(.data)
    ACK                                      0x20000181   Data           1  control.o(.data)
    off_flag                                 0x20000182   Data           1  control.o(.data)
    Mechanical_angle                         0x20000184   Data           4  control.o(.data)
    target_x                                 0x20000188   Data           4  control.o(.data)
    target_y                                 0x2000018c   Data           4  control.o(.data)
    target_speed                             0x20000190   Data           4  control.o(.data)
    target_omiga                             0x20000194   Data           4  control.o(.data)
    Turn_Speed                               0x20000198   Data           4  control.o(.data)
    Target_Yaw                               0x2000019c   Data           4  control.o(.data)
    target_angle                             0x200001a0   Data           4  control.o(.data)
    target_position                          0x200001a4   Data           4  control.o(.data)
    balance_UP_KP                            0x200001a8   Data           4  control.o(.data)
    balance_UP_KD                            0x200001ac   Data           4  control.o(.data)
    velocity_KP                              0x200001b0   Data           4  control.o(.data)
    velocity_KI                              0x200001b4   Data           4  control.o(.data)
    velocity_KD                              0x200001b8   Data           4  control.o(.data)
    Turn_Kd                                  0x200001bc   Data           4  control.o(.data)
    Turn_KP                                  0x200001c0   Data           4  control.o(.data)
    Turn_KI                                  0x200001c4   Data           4  control.o(.data)
    Position_KP                              0x200001c8   Data           4  control.o(.data)
    SR04_Counter                             0x200001cc   Data           1  control.o(.data)
    Voltage_Counter                          0x200001cd   Data           1  control.o(.data)
    get_aacx                                 0x200001ce   Data           2  control.o(.data)
    get_aacy                                 0x200001d0   Data           2  control.o(.data)
    get_aacz                                 0x200001d2   Data           2  control.o(.data)
    n_cnt                                    0x200001d4   Data           4  control.o(.data)
    i                                        0x200001d8   Data           1  control.o(.data)
    K_u_to_out                               0x200001dc   Data           4  control.o(.data)
    warn                                     0x200001e0   Data           1  control.o(.data)
    info_req                                 0x200001e1   Data           1  control.o(.data)
    des_flag                                 0x200001e2   Data           1  control.o(.data)
    Fore                                     0x2000021d   Data           1  usart2.o(.data)
    Back                                     0x2000021e   Data           1  usart2.o(.data)
    Left                                     0x2000021f   Data           1  usart2.o(.data)
    Right                                    0x20000220   Data           1  usart2.o(.data)
    witchbuf                                 0x20000221   Data           1  usart2.o(.data)
    USART2_TX_FLAG                           0x20000222   Data           1  usart2.o(.data)
    USART2_RX_FLAG                           0x20000223   Data           1  usart2.o(.data)
    USART2_RX_LEN                            0x20000224   Data           1  usart2.o(.data)
    __microlib_freelist                      0x2000023c   Data           4  mvars.o(.data)
    __microlib_freelist_initialised          0x20000240   Data           4  mvars.o(.data)
    past                                     0x20000248   Data          72  main.o(.bss)
    next                                     0x20000290   Data          72  main.o(.bss)
    now                                      0x200002d8   Data          72  main.o(.bss)
    USART_RX_BUF                             0x20000320   Data         200  usart.o(.bss)
    USART1_TX_BUF                            0x200003e8   Data         200  usart.o(.bss)
    usart1_rxbuf                             0x200004b0   Data         200  usart.o(.bss)
    USART3_RX_BUF                            0x20000578   Data         200  usart.o(.bss)
    rec_data                                 0x20000640   Data          18  control.o(.bss)
    tim_cnt                                  0x20000654   Data         400  control.o(.bss)
    delta_X                                  0x200007e4   Data          12  control.o(.bss)
    USART2_TX_BUF                            0x2000081c   Data         200  usart2.o(.bss)
    u1rxbuf                                  0x200008e4   Data         200  usart2.o(.bss)
    u2rxbuf                                  0x200009ac   Data         200  usart2.o(.bss)
    __heap_base                              0x20000a78   Data           0  startup_stm32f10x_md.o(HEAP)
    __heap_limit                             0x20000c78   Data           0  startup_stm32f10x_md.o(HEAP)
    __initial_sp                             0x20001078   Data           0  startup_stm32f10x_md.o(STACK)



==============================================================================

Memory Map of the image

  Image Entry point : 0x080000ed

  Load Region LR_IROM1 (Base: 0x08000000, Size: 0x0000d518, Max: 0x00010000, ABSOLUTE, COMPRESSED[0x0000d344])

    Execution Region ER_IROM1 (Base: 0x08000000, Size: 0x0000d2d0, Max: 0x00010000, ABSOLUTE)

    Base Addr    Size         Type   Attr      Idx    E Section Name        Object

    0x08000000   0x000000ec   Data   RO          616    RESET               startup_stm32f10x_md.o
    0x080000ec   0x00000000   Code   RO          921  * .ARM.Collect$$$$00000000  mc_w.l(entry.o)
    0x080000ec   0x00000004   Code   RO         1306    .ARM.Collect$$$$00000001  mc_w.l(entry2.o)
    0x080000f0   0x00000004   Code   RO         1309    .ARM.Collect$$$$00000004  mc_w.l(entry5.o)
    0x080000f4   0x00000000   Code   RO         1311    .ARM.Collect$$$$00000008  mc_w.l(entry7b.o)
    0x080000f4   0x00000000   Code   RO         1313    .ARM.Collect$$$$0000000A  mc_w.l(entry8b.o)
    0x080000f4   0x00000008   Code   RO         1314    .ARM.Collect$$$$0000000B  mc_w.l(entry9a.o)
    0x080000fc   0x00000000   Code   RO         1316    .ARM.Collect$$$$0000000D  mc_w.l(entry10a.o)
    0x080000fc   0x00000000   Code   RO         1318    .ARM.Collect$$$$0000000F  mc_w.l(entry11a.o)
    0x080000fc   0x00000004   Code   RO         1307    .ARM.Collect$$$$00002712  mc_w.l(entry2.o)
    0x08000100   0x00000100   Code   RO            1    .text               main.o
    0x08000200   0x0000001a   Code   RO          192    .text               stm32f10x_it.o
    0x0800021a   0x00000002   PAD
    0x0800021c   0x000001e0   Code   RO          233    .text               system_stm32f10x.o
    0x080003fc   0x000000d4   Code   RO          251    .text               delay.o
    0x080004d0   0x00000098   Code   RO          269    .text               sys.o
    0x08000568   0x000007e0   Code   RO          281    .text               usart.o
    0x08000d48   0x00000064   Code   RO          304    .text               led.o
    0x08000dac   0x00000050   Code   RO          317    .text               key.o
    0x08000dfc   0x00000050   Code   RO          330    .text               exti.o
    0x08000e4c   0x00000d8c   Code   RO          345    .text               control.o
    0x08001bd8   0x00000170   Code   RO          366    .text               encoder.o
    0x08001d48   0x0000016c   Code   RO          378    .text               motor.o
    0x08001eb4   0x000000b0   Code   RO          390    .text               pwm.o
    0x08001f64   0x00000104   Code   RO          402    .text               adc.o
    0x08002068   0x00000dd0   Code   RO          414    .text               oled.o
    0x08002e38   0x00000368   Code   RO          443    .text               mpu6050.o
    0x080031a0   0x00000244   Code   RO          455    .text               mpuiic.o
    0x080033e4   0x00002288   Code   RO          467    .text               inv_mpu.o
    0x0800566c   0x00000d70   Code   RO          501    .text               inv_mpu_dmp_motion_driver.o
    0x080063dc   0x00000278   Code   RO          522    .text               usart2.o
    0x08006654   0x00000048   Code   RO          545    .text               usb_plugin.o
    0x0800669c   0x0000013c   Code   RO          560    .text               sr04.o
    0x080067d8   0x000003b8   Code   RO          590    .text               motion.o
    0x08006b90   0x00000024   Code   RO          617    .text               startup_stm32f10x_md.o
    0x08006bb4   0x000000dc   Code   RO          621    .text               misc.o
    0x08006c90   0x0000044e   Code   RO          633    .text               stm32f10x_adc.o
    0x080070de   0x00000002   PAD
    0x080070e0   0x0000011c   Code   RO          705    .text               stm32f10x_exti.o
    0x080071fc   0x0000035c   Code   RO          729    .text               stm32f10x_gpio.o
    0x08007558   0x000003a4   Code   RO          777    .text               stm32f10x_rcc.o
    0x080078fc   0x00000e1a   Code   RO          815    .text               stm32f10x_tim.o
    0x08008716   0x00000002   PAD
    0x08008718   0x00000408   Code   RO          827    .text               stm32f10x_usart.o
    0x08008b20   0x00000254   Code   RO          851    .text               stm32f10x_dma.o
    0x08008d74   0x00000062   Code   RO          924    .text               mc_w.l(ldiv.o)
    0x08008dd6   0x00000024   Code   RO          926    .text               mc_w.l(memcpya.o)
    0x08008dfa   0x00000024   Code   RO          928    .text               mc_w.l(memseta.o)
    0x08008e1e   0x0000000e   Code   RO          930    .text               mc_w.l(strlen.o)
    0x08008e2c   0x0000001a   Code   RO          932    .text               mc_w.l(memcmp.o)
    0x08008e46   0x000000b0   Code   RO         1225    .text               mf_w.l(fadd.o)
    0x08008ef6   0x00000064   Code   RO         1227    .text               mf_w.l(fmul.o)
    0x08008f5a   0x0000007c   Code   RO         1229    .text               mf_w.l(fdiv.o)
    0x08008fd6   0x0000014e   Code   RO         1231    .text               mf_w.l(dadd.o)
    0x08009124   0x000000e4   Code   RO         1233    .text               mf_w.l(dmul.o)
    0x08009208   0x000000de   Code   RO         1235    .text               mf_w.l(ddiv.o)
    0x080092e6   0x00000012   Code   RO         1237    .text               mf_w.l(fflti.o)
    0x080092f8   0x0000000a   Code   RO         1239    .text               mf_w.l(ffltui.o)
    0x08009302   0x00000022   Code   RO         1241    .text               mf_w.l(dflti.o)
    0x08009324   0x0000001a   Code   RO         1243    .text               mf_w.l(dfltui.o)
    0x0800933e   0x00000032   Code   RO         1245    .text               mf_w.l(ffixi.o)
    0x08009370   0x00000028   Code   RO         1247    .text               mf_w.l(ffixui.o)
    0x08009398   0x0000003e   Code   RO         1249    .text               mf_w.l(dfixi.o)
    0x080093d6   0x00000032   Code   RO         1251    .text               mf_w.l(dfixui.o)
    0x08009408   0x00000026   Code   RO         1253    .text               mf_w.l(f2d.o)
    0x0800942e   0x00000002   PAD
    0x08009430   0x00000030   Code   RO         1255    .text               mf_w.l(cdcmple.o)
    0x08009460   0x00000030   Code   RO         1257    .text               mf_w.l(cdrcmple.o)
    0x08009490   0x00000038   Code   RO         1259    .text               mf_w.l(d2f.o)
    0x080094c8   0x00000014   Code   RO         1261    .text               mf_w.l(cfcmple.o)
    0x080094dc   0x00000014   Code   RO         1263    .text               mf_w.l(cfrcmple.o)
    0x080094f0   0x0000002c   Code   RO         1320    .text               mc_w.l(uidiv.o)
    0x0800951c   0x00000062   Code   RO         1322    .text               mc_w.l(uldiv.o)
    0x0800957e   0x0000001e   Code   RO         1324    .text               mc_w.l(llshl.o)
    0x0800959c   0x00000020   Code   RO         1326    .text               mc_w.l(llushr.o)
    0x080095bc   0x00000024   Code   RO         1328    .text               mc_w.l(llsshr.o)
    0x080095e0   0x00000000   Code   RO         1339    .text               mc_w.l(iusefp.o)
    0x080095e0   0x0000006e   Code   RO         1340    .text               mf_w.l(fepilogue.o)
    0x0800964e   0x000000ba   Code   RO         1342    .text               mf_w.l(depilogue.o)
    0x08009708   0x0000002e   Code   RO         1344    .text               mf_w.l(dscalb.o)
    0x08009736   0x00000030   Code   RO         1346    .text               mf_w.l(dfixul.o)
    0x08009766   0x00000002   PAD
    0x08009768   0x00000024   Code   RO         1348    .text               mc_w.l(init.o)
    0x0800978c   0x000000a2   Code   RO         1350    .text               mf_w.l(dsqrt.o)
    0x0800982e   0x00000056   Code   RO         1360    .text               mc_w.l(__dczerorl2.o)
    0x08009884   0x00000020   Code   RO         1169    i.__0printf         mc_w.l(printfa.o)
    0x080098a4   0x00000028   Code   RO         1171    i.__0sprintf        mc_w.l(printfa.o)
    0x080098cc   0x00000028   Code   RO         1282    i.__ARM_fpclassify  m_ws.l(fpclassify.o)
    0x080098f4   0x00000388   Code   RO         1287    i.__ieee754_rem_pio2  m_ws.l(rred.o)
    0x08009c7c   0x000000fc   Code   RO         1265    i.__kernel_cos      m_ws.l(cos_i.o)
    0x08009d78   0x000000aa   Code   RO         1284    i.__kernel_poly     m_ws.l(poly.o)
    0x08009e22   0x00000002   PAD
    0x08009e24   0x000000ec   Code   RO         1292    i.__kernel_sin      m_ws.l(sin_i.o)
    0x08009f10   0x00000010   Code   RO         1268    i.__mathlib_dbl_divzero  m_ws.l(dunder.o)
    0x08009f20   0x00000006   Code   RO         1269    i.__mathlib_dbl_infnan  m_ws.l(dunder.o)
    0x08009f26   0x00000004   Code   RO         1270    i.__mathlib_dbl_infnan2  m_ws.l(dunder.o)
    0x08009f2a   0x0000000c   Code   RO         1271    i.__mathlib_dbl_invalid  m_ws.l(dunder.o)
    0x08009f36   0x0000000e   Code   RO         1272    i.__mathlib_dbl_overflow  m_ws.l(dunder.o)
    0x08009f44   0x00000010   Code   RO         1274    i.__mathlib_dbl_underflow  m_ws.l(dunder.o)
    0x08009f54   0x0000000e   Code   RO         1354    i.__scatterload_copy  mc_w.l(handlers.o)
    0x08009f62   0x00000002   Code   RO         1355    i.__scatterload_null  mc_w.l(handlers.o)
    0x08009f64   0x0000000e   Code   RO         1356    i.__scatterload_zeroinit  mc_w.l(handlers.o)
    0x08009f72   0x00000002   PAD
    0x08009f74   0x0000000c   Code   RO         1334    i.__set_errno       mc_w.l(errno.o)
    0x08009f80   0x00000184   Code   RO         1176    i._fp_digits        mc_w.l(printfa.o)
    0x0800a104   0x000006dc   Code   RO         1177    i._printf_core      mc_w.l(printfa.o)
    0x0800a7e0   0x00000024   Code   RO         1178    i._printf_post_padding  mc_w.l(printfa.o)
    0x0800a804   0x0000002e   Code   RO         1179    i._printf_pre_padding  mc_w.l(printfa.o)
    0x0800a832   0x0000000a   Code   RO         1181    i._sputc            mc_w.l(printfa.o)
    0x0800a83c   0x00000270   Code   RO          864    i.asin              m_ws.l(asin.o)
    0x0800aaac   0x00000220   Code   RO          874    i.atan              m_ws.l(atan.o)
    0x0800accc   0x00000180   Code   RO          884    i.atan2             m_ws.l(atan2.o)
    0x0800ae4c   0x0000009c   Code   RO          892    i.cos               m_ws.l(cos.o)
    0x0800aee8   0x000000dc   Code   RO          900    i.floor             m_ws.l(floor.o)
    0x0800afc4   0x00000050   Code   RO         1197    i.free              mc_w.l(malloc.o)
    0x0800b014   0x0000006c   Code   RO         1198    i.malloc            mc_w.l(malloc.o)
    0x0800b080   0x000009d8   Code   RO          904    i.pow               m_ws.l(pow.o)
    0x0800ba58   0x000000a0   Code   RO          914    i.sin               m_ws.l(sin.o)
    0x0800baf8   0x0000004c   Code   RO         1299    i.sqrt              m_ws.l(sqrt.o)
    0x0800bb44   0x0000001e   Data   RO          347    .constdata          control.o
    0x0800bb62   0x00000818   Data   RO          415    .constdata          oled.o
    0x0800c37a   0x00000002   PAD
    0x0800c37c   0x00000050   Data   RO          468    .constdata          inv_mpu.o
    0x0800c3cc   0x00000bf6   Data   RO          503    .constdata          inv_mpu_dmp_motion_driver.o
    0x0800cfc2   0x00000006   PAD
    0x0800cfc8   0x00000050   Data   RO          865    .constdata          m_ws.l(asin.o)
    0x0800d018   0x00000098   Data   RO          875    .constdata          m_ws.l(atan.o)
    0x0800d0b0   0x00000088   Data   RO          905    .constdata          m_ws.l(pow.o)
    0x0800d138   0x00000030   Data   RO         1266    .constdata          m_ws.l(cos_i.o)
    0x0800d168   0x00000008   Data   RO         1286    .constdata          m_ws.l(qnan.o)
    0x0800d170   0x000000c8   Data   RO         1289    .constdata          m_ws.l(rred.o)
    0x0800d238   0x00000028   Data   RO         1293    .constdata          m_ws.l(sin_i.o)
    0x0800d260   0x0000004d   Data   RO          469    .conststring        inv_mpu.o
    0x0800d2ad   0x00000003   PAD
    0x0800d2b0   0x00000020   Data   RO         1352    Region$$Table       anon$$obj.o


    Execution Region RW_IRAM1 (Base: 0x20000000, Size: 0x00001078, Max: 0x00005000, ABSOLUTE, COMPRESSED[0x00000074])

    Base Addr    Size         Type   Attr      Idx    E Section Name        Object

    0x20000000   0x00000119   Data   RW            3    .data               main.o
    0x20000119   0x00000003   PAD
    0x2000011c   0x00000014   Data   RW          234    .data               system_stm32f10x.o
    0x20000130   0x00000004   Data   RW          252    .data               delay.o
    0x20000134   0x00000015   Data   RW          283    .data               usart.o
    0x20000149   0x00000003   PAD
    0x2000014c   0x00000004   Data   RW          305    .data               led.o
    0x20000150   0x00000001   Data   RW          318    .data               key.o
    0x20000151   0x00000003   PAD
    0x20000154   0x00000094   Data   RW          348    .data               control.o
    0x200001e8   0x00000035   Data   RW          470    .data               inv_mpu.o
    0x2000021d   0x00000008   Data   RW          524    .data               usart2.o
    0x20000225   0x00000014   Data   RW          778    .data               stm32f10x_rcc.o
    0x20000239   0x00000003   PAD
    0x2000023c   0x00000004   Data   RW         1330    .data               mc_w.l(mvars.o)
    0x20000240   0x00000004   Data   RW         1331    .data               mc_w.l(mvars.o)
    0x20000244   0x00000004   Data   RW         1335    .data               mc_w.l(errno.o)
    0x20000248   0x000000d8   Zero   RW            2    .bss                main.o
    0x20000320   0x00000320   Zero   RW          282    .bss                usart.o
    0x20000640   0x000001cc   Zero   RW          346    .bss                control.o
    0x2000080c   0x00000010   Zero   RW          502    .bss                inv_mpu_dmp_motion_driver.o
    0x2000081c   0x00000258   Zero   RW          523    .bss                usart2.o
    0x20000a74   0x00000004   PAD
    0x20000a78   0x00000200   Zero   RW          615    HEAP                startup_stm32f10x_md.o
    0x20000c78   0x00000400   Zero   RW          614    STACK               startup_stm32f10x_md.o


==============================================================================

Image component sizes


      Code (inc. data)   RO Data    RW Data    ZI Data      Debug   Object Name

       260         20          0          0          0        992   adc.o
      3468        588         30        148        460       6405   control.o
         0          0          0          0          0         32   core_cm3.o
       212         18          0          4          0       1055   delay.o
       368         10          0          0          0       1251   encoder.o
        80          4          0          0          0        564   exti.o
      8840        198        157         53          0      24033   inv_mpu.o
      3440        126       3062          0         16      15463   inv_mpu_dmp_motion_driver.o
        80         14          0          1          0        724   key.o
       100         16          0          4          0        709   led.o
       256         48          0        281        216     277876   main.o
       220         22          0          0          0       1813   misc.o
       952         56          0          0          0       1336   motion.o
       364         42          0          0          0       1439   motor.o
       872         16          0          0          0       4395   mpu6050.o
       580         14          0          0          0       2066   mpuiic.o
      3536        184       2072          0          0       9634   oled.o
       176          8          0          0          0        760   pwm.o
       316         16          0          0          0       1280   sr04.o
        36          8        236          0       1536        800   startup_stm32f10x_md.o
      1102         26          0          0          0      11057   stm32f10x_adc.o
       596          8          0          0          0       4378   stm32f10x_dma.o
       284         10          0          0          0       2271   stm32f10x_exti.o
       860         38          0          0          0       5745   stm32f10x_gpio.o
        26          0          0          0          0       1194   stm32f10x_it.o
       932         36          0         20          0       8932   stm32f10x_rcc.o
      3610         88          0          0          0      22856   stm32f10x_tim.o
      1032         22          0          0          0       8472   stm32f10x_usart.o
       152          0          0          0          0        589   sys.o
       480         38          0         20          0       1755   system_stm32f10x.o
      2016         78          0         21        800       8169   usart.o
       632         36          0          8        600       2633   usart2.o
        72         16          0          0          0        682   usb_plugin.o

    ----------------------------------------------------------------------
     35956       1804       5600        572       3632     431360   Object Totals
         0          0         32          0          0          0   (incl. Generated)
         6          0         11         12          4          0   (incl. Padding)

    ----------------------------------------------------------------------

      Code (inc. data)   RO Data    RW Data    ZI Data      Debug   Library Member Name

       624         52         80          0          0        168   asin.o
       544         70        152          0          0        124   atan.o
       384         38          0          0          0        144   atan2.o
       156          8          0          0          0        104   cos.o
       252         22         48          0          0        124   cos_i.o
        68         10          0          0          0        408   dunder.o
       220         16          0          0          0         84   floor.o
        40          0          0          0          0         68   fpclassify.o
       170          0          0          0          0         96   poly.o
      2520        190        136          0          0        324   pow.o
         0          0          8          0          0          0   qnan.o
       904         76        200          0          0        140   rred.o
       160         10          0          0          0        108   sin.o
       236         12         40          0          0        128   sin_i.o
        76          0          0          0          0         84   sqrt.o
        86          0          0          0          0          0   __dczerorl2.o
         0          0          0          0          0          0   entry.o
         0          0          0          0          0          0   entry10a.o
         0          0          0          0          0          0   entry11a.o
         8          4          0          0          0          0   entry2.o
         4          0          0          0          0          0   entry5.o
         0          0          0          0          0          0   entry7b.o
         0          0          0          0          0          0   entry8b.o
         8          4          0          0          0          0   entry9a.o
        12          6          0          4          0         68   errno.o
        30          0          0          0          0          0   handlers.o
        36          8          0          0          0         68   init.o
         0          0          0          0          0          0   iusefp.o
        98          0          0          0          0         84   ldiv.o
        30          0          0          0          0         68   llshl.o
        36          0          0          0          0         68   llsshr.o
        32          0          0          0          0         68   llushr.o
       188         20          0          0          0        160   malloc.o
        26          0          0          0          0         80   memcmp.o
        36          0          0          0          0         68   memcpya.o
        36          0          0          0          0        108   memseta.o
         0          0          0          8          0          0   mvars.o
      2308         96          0          0          0        604   printfa.o
        14          0          0          0          0         68   strlen.o
        44          0          0          0          0         80   uidiv.o
        98          0          0          0          0         92   uldiv.o
        48          0          0          0          0         68   cdcmple.o
        48          0          0          0          0         68   cdrcmple.o
        20          0          0          0          0         68   cfcmple.o
        20          0          0          0          0         68   cfrcmple.o
        56          0          0          0          0         88   d2f.o
       334          0          0          0          0        148   dadd.o
       222          0          0          0          0        100   ddiv.o
       186          0          0          0          0        176   depilogue.o
        62          0          0          0          0         80   dfixi.o
        50          0          0          0          0         76   dfixui.o
        48          0          0          0          0         68   dfixul.o
        34          0          0          0          0         76   dflti.o
        26          0          0          0          0         76   dfltui.o
       228          0          0          0          0         96   dmul.o
        46          0          0          0          0         80   dscalb.o
       162          0          0          0          0        100   dsqrt.o
        38          0          0          0          0         68   f2d.o
       176          0          0          0          0        140   fadd.o
       124          0          0          0          0         88   fdiv.o
       110          0          0          0          0        168   fepilogue.o
        50          0          0          0          0         68   ffixi.o
        40          0          0          0          0         68   ffixui.o
        18          0          0          0          0         68   fflti.o
        10          0          0          0          0         68   ffltui.o
       100          0          0          0          0         76   fmul.o

    ----------------------------------------------------------------------
     11748        642        664         12          0       6036   Library Totals
         8          0          0          0          0          0   (incl. Padding)

    ----------------------------------------------------------------------

      Code (inc. data)   RO Data    RW Data    ZI Data      Debug   Library Name

      6354        504        664          0          0       2104   m_ws.l
      3130        138          0         12          0       1684   mc_w.l
      2256          0          0          0          0       2248   mf_w.l

    ----------------------------------------------------------------------
     11748        642        664         12          0       6036   Library Totals

    ----------------------------------------------------------------------

==============================================================================


      Code (inc. data)   RO Data    RW Data    ZI Data      Debug   

     47704       2446       6264        584       3632     431544   Grand Totals
     47704       2446       6264        116       3632     431544   ELF Image Totals (compressed)
     47704       2446       6264        116          0          0   ROM Totals

==============================================================================

    Total RO  Size (Code + RO Data)                53968 (  52.70kB)
    Total RW  Size (RW Data + ZI Data)              4216 (   4.12kB)
    Total ROM Size (Code + RO Data + RW Data)      54084 (  52.82kB)

==============================================================================

